Windows PowerShell
(C) Корпорация Майкрософт (Microsoft Corporation). Все права защищены.

Установите последнюю версию PowerShell для новых функций и улучшения! https://aka.ms/PSWindows

PS C:\Users\Mi> irm get.scoop.sh | iex
Initializing...                                                                                                         PowerShell requires an execution policy in [Unrestricted, RemoteSigned, ByPass] to run Scoop. For example, to set the execution policy to 'RemoteSigned' please run 'Set-ExecutionPolicy RemoteSigned -Scope CurrentUser'.                      Abort.                                                                                                                  PS C:\Users\Mi> Set-ExecutionPolicy -ExecutionPolicy RemoteSigned -Scope Mi                                             Set-ExecutionPolicy : Не удается привязать параметр "Scope". Не удается преобразовать значение "Mi" в тип "Microsoft.Po
werShell.ExecutionPolicyScope". Ошибка: "Не удается сопоставить пустое имя идентификатора Mi с допустимым именем перечи
слителя.  Укажите одно из следующих имен перечислителя и попробуйте еще раз:
Process, CurrentUser, LocalMachine, UserPolicy, MachinePolicy"
строка:1 знак:58
+ Set-ExecutionPolicy -ExecutionPolicy RemoteSigned -Scope Mi
+                                                          ~~
    + CategoryInfo          : InvalidArgument: (:) [Set-ExecutionPolicy], ParentContainsErrorRecordException
    + FullyQualifiedErrorId : CannotConvertArgumentNoMessage,Microsoft.PowerShell.Commands.SetExecutionPolicyCommand

PS C:\Users\Mi> Set-ExecutionPolicy -ExecutionPolicy RemoteSigned -Scope CurrentUser
PS C:\Users\Mi> Invoke-RestMethod -Uri https://get.scoop.sh | Invoke-Expression
Initializing...
Downloading ...
Creating shim...
Adding ~\scoop\shims to your path.
Scoop was installed successfully!
Type 'scoop help' for instructions.
PS C:\Users\Mi> scoop install migrate
Installing 'migrate' (4.17.0) [64bit] from main bucket
migrate.windows-amd64.zip (14,9 MB) [=========================================================================] 100%
Checking hash of migrate.windows-amd64.zip ... ok.
Extracting migrate.windows-amd64.zip ... done.
Linking ~\scoop\apps\migrate\current => ~\scoop\apps\migrate\4.17.0
Creating shim for 'migrate'.
'migrate' (4.17.0) was installed successfully!
PS C:\Users\Mi> migrate create -ext sql -dir migrations init
C:\Users\Mi\migrations\20240102203046_init.up.sql
C:\Users\Mi\migrations\20240102203046_init.down.sql
PS C:\Users\Mi> scoop uninstall scoop
WARN  This will uninstall Scoop and all the programs that have been installed with Scoop!
Are you sure? (yN): y
Uninstalling 'migrate'
Removing shim 'migrate.shim'.
Removing shim 'migrate.exe'.
WARN  Couldn't remove ~\scoop\apps\migrate: Не удается удалить элемент C:\Users\Mi\scoop\apps\migrate\current: Отказано в доступе по пути "current"..Exception
Couldn't remove ~\scoop\apps: Не удается удалить элемент C:\Users\Mi\scoop\apps\migrate\current: Отказано в доступе по пути "current".
PS C:\Users\Mi> del .\scoop -Force

Подтверждение
Элемент в C:\Users\Mi\scoop имеет дочерние объекты, и параметр Recurse не указан. При продолжении все дочерние объекты
будут удалены вместе с элементом. Вы действительно хотите продолжить?
[Y] Да - Y  [A] Да для всех - A  [N] Нет - N  [L] Нет для всех - L  [S] Приостановить - S  [?] Справка
(значением по умолчанию является "Y"):y                                                                                 del : Не удается удалить элемент C:\Users\Mi\scoop\apps\migrate\current: Отказано в доступе по пути "current".          строка:1 знак:1                                                                                                         + del .\scoop -Force                                                                                                    + ~~~~~~~~~~~~~~~~~~                                                                                                        + CategoryInfo          : WriteError: (current:DirectoryInfo) [Remove-Item], IOException
    + FullyQualifiedErrorId : DeleteSymbolicLinkFailed,Microsoft.PowerShell.Commands.RemoveItemCommand

PS C:\Users\Mi> migrate create -ext sql -dir migrations init
migrate : Имя "migrate" не распознано как имя командлета, функции, файла сценария или выполняемой программы. Проверьте
правильность написания имени, а также наличие и правильность пути, после чего повторите попытку.
строка:1 знак:1
+ migrate create -ext sql -dir migrations init
+ ~~~~~~~
    + CategoryInfo          : ObjectNotFound: (migrate:String) [], ParentContainsErrorRecordException
    + FullyQualifiedErrorId : CommandNotFoundException

PS C:\Users\Mi> Invoke-RestMethod -Uri https://get.scoop.sh | Invoke-Expression
Initializing...
Downloading ...
Creating shim...
Scoop was installed successfully!
Type 'scoop help' for instructions.
PS C:\Users\Mi> scoop install migrate
Installing 'migrate' (4.17.0) [64bit] from main bucket
migrate.windows-amd64.zip (14,9 MB) [=========================================================================] 100%
Checking hash of migrate.windows-amd64.zip ... ok.
Extracting migrate.windows-amd64.zip ... done.
Linking ~\scoop\apps\migrate\current => ~\scoop\apps\migrate\4.17.0
Creating shim for 'migrate'.
'migrate' (4.17.0) was installed successfully!
PS C:\Users\Mi>


/////


PS D:\GolandProjects\web-server> migrate -path -database "postgres://postgres:postgres@localhost:5432/postgres?sslmode=disable"
Usage: migrate OPTIONS COMMAND [arg...]
       migrate [ -version | -help ]

Options:
  -source          Location of the migrations (driver://url)
  -path            Shorthand for -source=file://path
  -database        Run migrations against this database (driver://url)
  -prefetch N      Number of migrations to load in advance before executing (default 10)
  -lock-timeout N  Allow N seconds to acquire database lock (default 15)
  -verbose         Print verbose logging
  -version         Print version
  -help            Print usage

Commands:
  create [-ext E] [-dir D] [-seq] [-digits N] [-format] [-tz] NAME
           Create a set of timestamped up/down migrations titled NAME, in directory D with extension E.
           Use -seq option to generate sequential up/down migrations with N digits.
           Use -format option to specify a Go time format string. Note: migrations with the same time cause "duplicate migration version" error.
           Use -tz option to specify the timezone that will be used when generating non-sequential migrations (defaults: UTC).

  goto V       Migrate to version V
  up [N]       Apply all or N up migrations
  down [N] [-all]    Apply all or N down migrations
        Use -all to apply all down migrations
  drop [-f]    Drop everything inside database
        Use -f to bypass confirmation
  force V      Set version V but don't run migration (ignores dirty state)
  version      Print current migration version

Source drivers: go-bindata, file, s3, github, github-ee, gitlab, bitbucket, godoc-vfs, gcs
Database drivers: yugabytedb, clickhouse, firebirdsql, mysql, pgx4, cockroachdb, crdb-postgres, postgresql, neo4j, mongodb+srv, stub, pgx, redshift, yugabyte, firebird, pgx5, cockroach, postgres, mongodb, spanner, cassandra, ysql, rqlite, sqlserver
PS D:\GolandProjects\web-server> migrate -path -database "postgres://postgres:postgres@localhost:5432/postgres?sslmode=disable" up
Usage: migrate OPTIONS COMMAND [arg...]
       migrate [ -version | -help ]

Options:
  -source          Location of the migrations (driver://url)
  -path            Shorthand for -source=file://path
  -database        Run migrations against this database (driver://url)
  -prefetch N      Number of migrations to load in advance before executing (default 10)
  -lock-timeout N  Allow N seconds to acquire database lock (default 15)
  -verbose         Print verbose logging
  -version         Print version
  -help            Print usage

Commands:
  create [-ext E] [-dir D] [-seq] [-digits N] [-format] [-tz] NAME
           Create a set of timestamped up/down migrations titled NAME, in directory D with extension E.
           Use -seq option to generate sequential up/down migrations with N digits.
           Use -format option to specify a Go time format string. Note: migrations with the same time cause "duplicate migration version" error.
           Use -tz option to specify the timezone that will be used when generating non-sequential migrations (defaults: UTC).

  goto V       Migrate to version V
  up [N]       Apply all or N up migrations
  down [N] [-all]    Apply all or N down migrations
        Use -all to apply all down migrations
  drop [-f]    Drop everything inside database
        Use -f to bypass confirmation
  force V      Set version V but don't run migration (ignores dirty state)
  version      Print current migration version

Source drivers: s3, file, github-ee, gitlab, bitbucket, godoc-vfs, go-bindata, github, gcs
Database drivers: sqlserver, clickhouse, pgx5, cockroach, cockroachdb, postgresql, ysql, yugabytedb, stub, cassandra, pgx, crdb-postgres, postgres, yugabyte, spanner, firebirdsql, mysql, pgx4, neo4j, rqlite, mongodb+srv, firebird, redshift, mongodb
PS D:\GolandProjects\web-server> migrate -path migrations -database "postgres://postgres:postgres@localhost:5432/postgres?sslmode=disable" up
20240102203523/u init (48.9143ms)
PS D:\GolandProjects\web-server>